#=============================================================================================================#
#| [1;94m                                    pure_data EnthalpyOfVaporization                                     [0m |#
#| [1;94m Temperature  Pressure Substance  Reference  Calculated +- Stdev     Delta    Weight    Denom     Term   [0m |#
#=============================================================================================================#
  298.15 kelvin 1.0 standard_atmosphere C/C=C\CCCC{solv}{x=1.000000}    36.260         36.299 +- 0.243     0.039   0.07692   3.00000   0.00001  
  298.15 kelvin 1.0 standard_atmosphere C/C=C\CCC{solv}{x=1.000000}    32.194         30.978 +- 0.321    -1.216   0.07692   3.00000   0.01264  
  298.15 kelvin 1.0 standard_atmosphere C/C=C\CC{solv}{x=1.000000}    26.864         26.738 +- 0.288    -0.126   0.07692   3.00000   0.00014  
  298.15 kelvin 1.0 standard_atmosphere CC/C=C\CCC{solv}{x=1.000000}    35.811         36.185 +- 0.250     0.374   0.07692   3.00000   0.00120  
  298.15 kelvin 1.0 standard_atmosphere CC/C=C\CC{solv}{x=1.000000}    31.229         30.920 +- 0.214    -0.309   0.07692   3.00000   0.00082  
  298.15 kelvin 1.0 standard_atmosphere CCCCCCCCCCC{solv}{x=1.000000}    56.580         57.510 +- 0.336     0.930   0.07692   3.00000   0.00739  
  298.15 kelvin 1.0 standard_atmosphere CCCCCCCCCC{solv}{x=1.000000}    51.420         51.760 +- 0.460     0.340   0.07692   3.00000   0.00099  
  298.15 kelvin 1.0 standard_atmosphere CCCCCCCCC{solv}{x=1.000000}    46.550         46.984 +- 0.408     0.434   0.07692   3.00000   0.00161  
  298.15 kelvin 1.0 standard_atmosphere CCCCCCCC{solv}{x=1.000000}    41.560         41.010 +- 0.418    -0.550   0.07692   3.00000   0.00259  
  298.15 kelvin 1.0 standard_atmosphere CCCCCCC{solv}{x=1.000000}    36.570         35.696 +- 0.269    -0.874   0.07692   3.00000   0.00652  
  298.15 kelvin 1.0 standard_atmosphere CCCCCC{solv}{x=1.000000}    31.520         29.867 +- 0.366    -1.653   0.07692   3.00000   0.02336  
  298.15 kelvin 1.0 standard_atmosphere CCCCC{solv}{x=1.000000}    26.420         24.884 +- 0.320    -1.536   0.07692   3.00000   0.02017  
  298.15 kelvin 1.0 standard_atmosphere COC(C)=O{solv}{x=1.000000}    32.290         33.862 +- 0.238     1.572   0.07692   3.00000   0.02111  
---------------------------------------------------------------------------------------------------------------
#=============================================================================================================#
#| [1;94m                                            pure_data Density                                            [0m |#
#| [1;94m Temperature  Pressure Substance  Reference  Calculated +- Stdev     Delta    Weight    Denom     Term   [0m |#
#=============================================================================================================#
  298.15 kelvin 1.0 standard_atmosphere C/C=C\CCCC{solv}{x=1.000000}   702.800        703.061 +- 0.231     0.261   0.07692  30.00000   0.00001  
  298.15 kelvin 1.0 standard_atmosphere C/C=C\CCC{solv}{x=1.000000}   682.520        677.366 +- 0.265    -5.154   0.07692  30.00000   0.00227  
  298.15 kelvin 1.0 standard_atmosphere C/C=C\CC{solv}{x=1.000000}   651.000        643.795 +- 0.269    -7.205   0.07692  30.00000   0.00444  
  298.15 kelvin 1.0 standard_atmosphere CC/C=C\CCC{solv}{x=1.000000}   698.500        700.925 +- 0.211     2.425   0.07692  30.00000   0.00050  
  298.15 kelvin 1.0 standard_atmosphere CC/C=C\CC{solv}{x=1.000000}   675.220        675.734 +- 0.249     0.514   0.07692  30.00000   0.00002  
  298.15 kelvin 1.0 standard_atmosphere CCCCCCCCCCC{solv}{x=1.000000}   736.900        745.297 +- 0.204     8.397   0.07692  30.00000   0.00603  
  298.15 kelvin 1.0 standard_atmosphere CCCCCCCCCC{solv}{x=1.000000}   726.275        734.142 +- 0.235     7.867   0.07692  30.00000   0.00529  
  298.15 kelvin 1.0 standard_atmosphere CCCCCCCCC{solv}{x=1.000000}   713.900        719.480 +- 0.178     5.580   0.07692  30.00000   0.00266  
  298.15 kelvin 1.0 standard_atmosphere CCCCCCCC{solv}{x=1.000000}   698.620        702.123 +- 0.221     3.503   0.07692  30.00000   0.00105  
  298.15 kelvin 1.0 standard_atmosphere CCCCCCC{solv}{x=1.000000}   679.750        679.870 +- 0.264     0.120   0.07692  30.00000   0.00000  
  298.15 kelvin 1.0 standard_atmosphere CCCCCC{solv}{x=1.000000}   654.920        650.809 +- 0.254    -4.111   0.07692  30.00000   0.00144  
  298.15 kelvin 1.0 standard_atmosphere CCCCC{solv}{x=1.000000}   621.140        610.014 +- 0.282   -11.126   0.07692  30.00000   0.01058  
  298.15 kelvin 1.0 standard_atmosphere COC(C)=O{solv}{x=1.000000}   934.200        936.452 +- 0.364     2.252   0.07692  30.00000   0.00043  
---------------------------------------------------------------------------------------------------------------
