#=============================================================================================================#
#| [1;94m                                    pure_data EnthalpyOfVaporization                                     [0m |#
#| [1;94m Temperature  Pressure Substance  Reference  Calculated +- Stdev     Delta    Weight    Denom     Term   [0m |#
#=============================================================================================================#
  298.15 kelvin 1.0 standard_atmosphere C/C=C\CCCC{solv}{x=1.000000}    36.260         36.641 +- 0.357     0.382   0.07692   3.00000   0.00125  
  298.15 kelvin 1.0 standard_atmosphere C/C=C\CCC{solv}{x=1.000000}    32.194         31.210 +- 0.335    -0.983   0.07692   3.00000   0.00826  
  298.15 kelvin 1.0 standard_atmosphere C/C=C\CC{solv}{x=1.000000}    26.864         26.517 +- 0.308    -0.347   0.07692   3.00000   0.00103  
  298.15 kelvin 1.0 standard_atmosphere CC/C=C\CCC{solv}{x=1.000000}    35.811         35.806 +- 0.319    -0.004   0.07692   3.00000   0.00000  
  298.15 kelvin 1.0 standard_atmosphere CC/C=C\CC{solv}{x=1.000000}    31.229         30.887 +- 0.217    -0.343   0.07692   3.00000   0.00100  
  298.15 kelvin 1.0 standard_atmosphere CCCCCCCCCCC{solv}{x=1.000000}    56.580         56.291 +- 0.470    -0.289   0.07692   3.00000   0.00072  
  298.15 kelvin 1.0 standard_atmosphere CCCCCCCCCC{solv}{x=1.000000}    51.420         52.025 +- 0.442     0.605   0.07692   3.00000   0.00313  
  298.15 kelvin 1.0 standard_atmosphere CCCCCCCCC{solv}{x=1.000000}    46.550         46.208 +- 0.414    -0.342   0.07692   3.00000   0.00100  
  298.15 kelvin 1.0 standard_atmosphere CCCCCCCC{solv}{x=1.000000}    41.560         41.489 +- 0.440    -0.071   0.07692   3.00000   0.00004  
  298.15 kelvin 1.0 standard_atmosphere CCCCCCC{solv}{x=1.000000}    36.570         36.570 +- 0.348     0.000   0.07692   3.00000   0.00000  
  298.15 kelvin 1.0 standard_atmosphere CCCCCC{solv}{x=1.000000}    31.520         30.264 +- 0.326    -1.256   0.07692   3.00000   0.01347  
  298.15 kelvin 1.0 standard_atmosphere CCCCC{solv}{x=1.000000}    26.420         25.100 +- 0.307    -1.320   0.07692   3.00000   0.01490  
  298.15 kelvin 1.0 standard_atmosphere COC(C)=O{solv}{x=1.000000}    32.290         33.364 +- 0.152     1.074   0.07692   3.00000   0.00986  
---------------------------------------------------------------------------------------------------------------
#=============================================================================================================#
#| [1;94m                                            pure_data Density                                            [0m |#
#| [1;94m Temperature  Pressure Substance  Reference  Calculated +- Stdev     Delta    Weight    Denom     Term   [0m |#
#=============================================================================================================#
  298.15 kelvin 1.0 standard_atmosphere C/C=C\CCCC{solv}{x=1.000000}   702.800        700.575 +- 0.239    -2.225   0.07692  30.00000   0.00042  
  298.15 kelvin 1.0 standard_atmosphere C/C=C\CCC{solv}{x=1.000000}   682.520        675.828 +- 0.274    -6.692   0.07692  30.00000   0.00383  
  298.15 kelvin 1.0 standard_atmosphere C/C=C\CC{solv}{x=1.000000}   651.000        643.086 +- 0.355    -7.914   0.07692  30.00000   0.00535  
  298.15 kelvin 1.0 standard_atmosphere CC/C=C\CCC{solv}{x=1.000000}   698.500        698.424 +- 0.249    -0.076   0.07692  30.00000   0.00000  
  298.15 kelvin 1.0 standard_atmosphere CC/C=C\CC{solv}{x=1.000000}   675.220        674.136 +- 0.255    -1.084   0.07692  30.00000   0.00010  
  298.15 kelvin 1.0 standard_atmosphere CCCCCCCCCCC{solv}{x=1.000000}   736.900        740.664 +- 0.143     3.764   0.07692  30.00000   0.00121  
  298.15 kelvin 1.0 standard_atmosphere CCCCCCCCCC{solv}{x=1.000000}   726.275        729.196 +- 0.157     2.921   0.07692  30.00000   0.00073  
  298.15 kelvin 1.0 standard_atmosphere CCCCCCCCC{solv}{x=1.000000}   713.900        715.599 +- 0.204     1.699   0.07692  30.00000   0.00025  
  298.15 kelvin 1.0 standard_atmosphere CCCCCCCC{solv}{x=1.000000}   698.620        698.607 +- 0.183    -0.013   0.07692  30.00000   0.00000  
  298.15 kelvin 1.0 standard_atmosphere CCCCCCC{solv}{x=1.000000}   679.750        677.875 +- 0.233    -1.875   0.07692  30.00000   0.00030  
  298.15 kelvin 1.0 standard_atmosphere CCCCCC{solv}{x=1.000000}   654.920        650.127 +- 0.269    -4.793   0.07692  30.00000   0.00196  
  298.15 kelvin 1.0 standard_atmosphere CCCCC{solv}{x=1.000000}   621.140        611.547 +- 0.309    -9.593   0.07692  30.00000   0.00786  
  298.15 kelvin 1.0 standard_atmosphere COC(C)=O{solv}{x=1.000000}   934.200        928.175 +- 0.401    -6.025   0.07692  30.00000   0.00310  
---------------------------------------------------------------------------------------------------------------
