#=============================================================================================================#
#| [1;94m                                    pure_data EnthalpyOfVaporization                                     [0m |#
#| [1;94m Temperature  Pressure Substance  Reference  Calculated +- Stdev     Delta    Weight    Denom     Term   [0m |#
#=============================================================================================================#
  298.15 kelvin 1.0 standard_atmosphere C/C=C\CCCC{solv}{x=1.000000}    36.260         37.043 +- 0.370     0.783   0.07692   3.00000   0.00524  
  298.15 kelvin 1.0 standard_atmosphere C/C=C\CCC{solv}{x=1.000000}    32.194         31.964 +- 0.243    -0.230   0.07692   3.00000   0.00045  
  298.15 kelvin 1.0 standard_atmosphere C/C=C\CC{solv}{x=1.000000}    26.864         26.672 +- 0.201    -0.193   0.07692   3.00000   0.00032  
  298.15 kelvin 1.0 standard_atmosphere CC/C=C\CCC{solv}{x=1.000000}    35.811         36.670 +- 0.247     0.860   0.07692   3.00000   0.00632  
  298.15 kelvin 1.0 standard_atmosphere CC/C=C\CC{solv}{x=1.000000}    31.229         32.020 +- 0.243     0.791   0.07692   3.00000   0.00535  
  298.15 kelvin 1.0 standard_atmosphere CCCCCCCCCCC{solv}{x=1.000000}    56.580         58.470 +- 0.475     1.890   0.07692   3.00000   0.03054  
  298.15 kelvin 1.0 standard_atmosphere CCCCCCCCCC{solv}{x=1.000000}    51.420         52.438 +- 0.462     1.018   0.07692   3.00000   0.00885  
  298.15 kelvin 1.0 standard_atmosphere CCCCCCCCC{solv}{x=1.000000}    46.550         46.803 +- 0.409     0.253   0.07692   3.00000   0.00055  
  298.15 kelvin 1.0 standard_atmosphere CCCCCCCC{solv}{x=1.000000}    41.560         41.731 +- 0.278     0.171   0.07692   3.00000   0.00025  
  298.15 kelvin 1.0 standard_atmosphere CCCCCCC{solv}{x=1.000000}    36.570         36.611 +- 0.386     0.041   0.07692   3.00000   0.00001  
  298.15 kelvin 1.0 standard_atmosphere CCCCCC{solv}{x=1.000000}    31.520         30.815 +- 0.243    -0.705   0.07692   3.00000   0.00425  
  298.15 kelvin 1.0 standard_atmosphere CCCCC{solv}{x=1.000000}    26.420         25.358 +- 0.238    -1.062   0.07692   3.00000   0.00963  
  298.15 kelvin 1.0 standard_atmosphere COC(C)=O{solv}{x=1.000000}    32.290         37.601 +- 0.159     5.311   0.07692   3.00000   0.24104  
---------------------------------------------------------------------------------------------------------------
#=============================================================================================================#
#| [1;94m                                            pure_data Density                                            [0m |#
#| [1;94m Temperature  Pressure Substance  Reference  Calculated +- Stdev     Delta    Weight    Denom     Term   [0m |#
#=============================================================================================================#
  298.15 kelvin 1.0 standard_atmosphere C/C=C\CCCC{solv}{x=1.000000}   702.800        699.476 +- 0.164    -3.324   0.07692  30.00000   0.00094  
  298.15 kelvin 1.0 standard_atmosphere C/C=C\CCC{solv}{x=1.000000}   682.520        673.360 +- 0.287    -9.160   0.07692  30.00000   0.00717  
  298.15 kelvin 1.0 standard_atmosphere C/C=C\CC{solv}{x=1.000000}   651.000        639.653 +- 0.298   -11.347   0.07692  30.00000   0.01100  
  298.15 kelvin 1.0 standard_atmosphere CC/C=C\CCC{solv}{x=1.000000}   698.500        697.580 +- 0.186    -0.920   0.07692  30.00000   0.00007  
  298.15 kelvin 1.0 standard_atmosphere CC/C=C\CC{solv}{x=1.000000}   675.220        672.470 +- 0.245    -2.750   0.07692  30.00000   0.00065  
  298.15 kelvin 1.0 standard_atmosphere CCCCCCCCCCC{solv}{x=1.000000}   736.900        745.304 +- 0.198     8.404   0.07692  30.00000   0.00604  
  298.15 kelvin 1.0 standard_atmosphere CCCCCCCCCC{solv}{x=1.000000}   726.275        732.844 +- 0.182     6.569   0.07692  30.00000   0.00369  
  298.15 kelvin 1.0 standard_atmosphere CCCCCCCCC{solv}{x=1.000000}   713.900        718.671 +- 0.194     4.771   0.07692  30.00000   0.00195  
  298.15 kelvin 1.0 standard_atmosphere CCCCCCCC{solv}{x=1.000000}   698.620        700.808 +- 0.199     2.188   0.07692  30.00000   0.00041  
  298.15 kelvin 1.0 standard_atmosphere CCCCCCC{solv}{x=1.000000}   679.750        679.080 +- 0.226    -0.670   0.07692  30.00000   0.00004  
  298.15 kelvin 1.0 standard_atmosphere CCCCCC{solv}{x=1.000000}   654.920        649.737 +- 0.215    -5.183   0.07692  30.00000   0.00230  
  298.15 kelvin 1.0 standard_atmosphere CCCCC{solv}{x=1.000000}   621.140        608.608 +- 0.291   -12.532   0.07692  30.00000   0.01342  
  298.15 kelvin 1.0 standard_atmosphere COC(C)=O{solv}{x=1.000000}   934.200        932.641 +- 0.293    -1.559   0.07692  30.00000   0.00021  
---------------------------------------------------------------------------------------------------------------
